App.tsx(2,172): error TS2307: Cannot find module 'lucide-react' or its corresponding type declarations.
App.tsx(571,49): error TS2339: Property 'snippet' does not exist on type '{ uri: string; title: string; placeAnswerSources?: { reviewSnippets?: { content: string; }[]; }[]; }'.
components/LoadingOverlay.tsx(2,25): error TS2307: Cannot find module 'lucide-react' or its corresponding type declarations.
components/StyleCard.tsx(2,70): error TS2307: Cannot find module 'lucide-react' or its corresponding type declarations.
services/geminiService.ts(1,35): error TS2307: Cannot find module '@google/genai' or its corresponding type declarations.
